
> vaultmind@0.1.0 build
> next build

Ôû▓ Next.js 16.1.6 (Turbopack)
- Environments: .env.local

node.exe : ÔÜá The "middleware" file 
convention is deprecated. Please use "proxy" 
instead. Learn more: https://nextjs.org/docs/m
essages/middleware-to-proxy
No linha:1 caractere:1
+ & "C:\Program Files\nodejs/node.exe" 
"C:\Program Files\nodejs/node_mo ...
+ ~~~~~~~~~~~~~~~~~~~~~~~~~~~~~~~~~~~~~~~~~~~~
~~~~~~~~~~~~~~~~~~~~~~~~~
    + CategoryInfo          : NotSpecified: ( 
   ÔÜá The "middle...leware-to-proxy:String)  
   [], RemoteException
    + FullyQualifiedErrorId : NativeCommandEr 
   ror
 
  Creating an optimized production build ...
Ô£ô Compiled successfully in 19.7s
  Running TypeScript ...
Failed to compile.

./src/app/app/senhas/page.tsx:2:32
Type error: An import path can only end with 
a '.tsx' extension when 
'allowImportingTsExtensions' is enabled.

[0m [90m 1 |[39m [36mimport[39m { 
createClient } [36mfrom[39m 
[32m"@/lib/supabase/server"[39m
[31m[1m>[22m[39m[90m 2 |[39m 
[36mimport[39m [33mPasswordsIndexPage[39m 
[36mfrom[39m [32m"./page-client.tsx"[39m
 [90m   |[39m                               
 [31m[1m^[22m[39m
 [90m 3 |[39m
 [90m 4 |[39m [36mexport[39m 
[36mdefault[39m [36masync[39m 
[36mfunction[39m 
[33mPasswordsServerContainer[39m() {
 [90m 5 |[39m     [36mconst[39m supabase 
[33m=[39m [36mawait[39m createClient()[0m
Next.js build worker exited with code: 1 and 
signal: null
